// Jest Snapshot v1, https://goo.gl/fbAQLP

exports[`renders without crashing 1`] = `
<input
  onInput={[Function]}
  placeholder="type something and click"
  type="text"
  value="test value"
/>
`;
